// Jest Snapshot v1, https://goo.gl/fbAQLP

exports[`Advanced usage renders correctly 1`] = `
initialize {
  "0": Object {
    "attribs": Object {
      "class": "br-dropdown",
    },
    "children": Array [
      Object {
        "attribs": Object {
          "class": "dropdown-link",
        },
        "children": Array [
          Object {
            "data": "dropdown",
            "next": null,
            "parent": [Circular],
            "prev": null,
            "type": "text",
          },
        ],
        "name": "span",
        "namespace": "http://www.w3.org/1999/xhtml",
        "next": Object {
          "attribs": Object {
            "class": "br-dropdown-inner",
            "style": "display: none; position: absolute;",
            "x-placement": "bottom",
          },
          "children": Array [
            Object {
              "attribs": Object {
                "class": "br-dropdown-menu",
              },
              "children": Array [
                Object {
                  "attribs": Object {
                    "class": "br-dropdown-menu-item",
                  },
                  "children": Array [
                    Object {
                      "data": "1",
                      "next": null,
                      "parent": [Circular],
                      "prev": null,
                      "type": "text",
                    },
                  ],
                  "name": "li",
                  "namespace": "http://www.w3.org/1999/xhtml",
                  "next": Object {
                    "attribs": Object {
                      "class": "br-dropdown-menu-item",
                    },
                    "children": Array [
                      Object {
                        "data": "2",
                        "next": null,
                        "parent": [Circular],
                        "prev": null,
                        "type": "text",
                      },
                    ],
                    "name": "li",
                    "namespace": "http://www.w3.org/1999/xhtml",
                    "next": null,
                    "parent": [Circular],
                    "prev": [Circular],
                    "type": "tag",
                    "x-attribsNamespace": Object {
                      "class": undefined,
                    },
                    "x-attribsPrefix": Object {
                      "class": undefined,
                    },
                  },
                  "parent": [Circular],
                  "prev": null,
                  "type": "tag",
                  "x-attribsNamespace": Object {
                    "class": undefined,
                  },
                  "x-attribsPrefix": Object {
                    "class": undefined,
                  },
                },
                Object {
                  "attribs": Object {
                    "class": "br-dropdown-menu-item",
                  },
                  "children": Array [
                    Object {
                      "data": "2",
                      "next": null,
                      "parent": [Circular],
                      "prev": null,
                      "type": "text",
                    },
                  ],
                  "name": "li",
                  "namespace": "http://www.w3.org/1999/xhtml",
                  "next": null,
                  "parent": [Circular],
                  "prev": Object {
                    "attribs": Object {
                      "class": "br-dropdown-menu-item",
                    },
                    "children": Array [
                      Object {
                        "data": "1",
                        "next": null,
                        "parent": [Circular],
                        "prev": null,
                        "type": "text",
                      },
                    ],
                    "name": "li",
                    "namespace": "http://www.w3.org/1999/xhtml",
                    "next": [Circular],
                    "parent": [Circular],
                    "prev": null,
                    "type": "tag",
                    "x-attribsNamespace": Object {
                      "class": undefined,
                    },
                    "x-attribsPrefix": Object {
                      "class": undefined,
                    },
                  },
                  "type": "tag",
                  "x-attribsNamespace": Object {
                    "class": undefined,
                  },
                  "x-attribsPrefix": Object {
                    "class": undefined,
                  },
                },
              ],
              "name": "ul",
              "namespace": "http://www.w3.org/1999/xhtml",
              "next": null,
              "parent": [Circular],
              "prev": null,
              "type": "tag",
              "x-attribsNamespace": Object {
                "class": undefined,
              },
              "x-attribsPrefix": Object {
                "class": undefined,
              },
            },
          ],
          "name": "div",
          "namespace": "http://www.w3.org/1999/xhtml",
          "next": null,
          "parent": [Circular],
          "prev": [Circular],
          "type": "tag",
          "x-attribsNamespace": Object {
            "class": undefined,
            "style": undefined,
            "x-placement": undefined,
          },
          "x-attribsPrefix": Object {
            "class": undefined,
            "style": undefined,
            "x-placement": undefined,
          },
        },
        "parent": [Circular],
        "prev": null,
        "type": "tag",
        "x-attribsNamespace": Object {
          "class": undefined,
        },
        "x-attribsPrefix": Object {
          "class": undefined,
        },
      },
      Object {
        "attribs": Object {
          "class": "br-dropdown-inner",
          "style": "display: none; position: absolute;",
          "x-placement": "bottom",
        },
        "children": Array [
          Object {
            "attribs": Object {
              "class": "br-dropdown-menu",
            },
            "children": Array [
              Object {
                "attribs": Object {
                  "class": "br-dropdown-menu-item",
                },
                "children": Array [
                  Object {
                    "data": "1",
                    "next": null,
                    "parent": [Circular],
                    "prev": null,
                    "type": "text",
                  },
                ],
                "name": "li",
                "namespace": "http://www.w3.org/1999/xhtml",
                "next": Object {
                  "attribs": Object {
                    "class": "br-dropdown-menu-item",
                  },
                  "children": Array [
                    Object {
                      "data": "2",
                      "next": null,
                      "parent": [Circular],
                      "prev": null,
                      "type": "text",
                    },
                  ],
                  "name": "li",
                  "namespace": "http://www.w3.org/1999/xhtml",
                  "next": null,
                  "parent": [Circular],
                  "prev": [Circular],
                  "type": "tag",
                  "x-attribsNamespace": Object {
                    "class": undefined,
                  },
                  "x-attribsPrefix": Object {
                    "class": undefined,
                  },
                },
                "parent": [Circular],
                "prev": null,
                "type": "tag",
                "x-attribsNamespace": Object {
                  "class": undefined,
                },
                "x-attribsPrefix": Object {
                  "class": undefined,
                },
              },
              Object {
                "attribs": Object {
                  "class": "br-dropdown-menu-item",
                },
                "children": Array [
                  Object {
                    "data": "2",
                    "next": null,
                    "parent": [Circular],
                    "prev": null,
                    "type": "text",
                  },
                ],
                "name": "li",
                "namespace": "http://www.w3.org/1999/xhtml",
                "next": null,
                "parent": [Circular],
                "prev": Object {
                  "attribs": Object {
                    "class": "br-dropdown-menu-item",
                  },
                  "children": Array [
                    Object {
                      "data": "1",
                      "next": null,
                      "parent": [Circular],
                      "prev": null,
                      "type": "text",
                    },
                  ],
                  "name": "li",
                  "namespace": "http://www.w3.org/1999/xhtml",
                  "next": [Circular],
                  "parent": [Circular],
                  "prev": null,
                  "type": "tag",
                  "x-attribsNamespace": Object {
                    "class": undefined,
                  },
                  "x-attribsPrefix": Object {
                    "class": undefined,
                  },
                },
                "type": "tag",
                "x-attribsNamespace": Object {
                  "class": undefined,
                },
                "x-attribsPrefix": Object {
                  "class": undefined,
                },
              },
            ],
            "name": "ul",
            "namespace": "http://www.w3.org/1999/xhtml",
            "next": null,
            "parent": [Circular],
            "prev": null,
            "type": "tag",
            "x-attribsNamespace": Object {
              "class": undefined,
            },
            "x-attribsPrefix": Object {
              "class": undefined,
            },
          },
        ],
        "name": "div",
        "namespace": "http://www.w3.org/1999/xhtml",
        "next": null,
        "parent": [Circular],
        "prev": Object {
          "attribs": Object {
            "class": "dropdown-link",
          },
          "children": Array [
            Object {
              "data": "dropdown",
              "next": null,
              "parent": [Circular],
              "prev": null,
              "type": "text",
            },
          ],
          "name": "span",
          "namespace": "http://www.w3.org/1999/xhtml",
          "next": [Circular],
          "parent": [Circular],
          "prev": null,
          "type": "tag",
          "x-attribsNamespace": Object {
            "class": undefined,
          },
          "x-attribsPrefix": Object {
            "class": undefined,
          },
        },
        "type": "tag",
        "x-attribsNamespace": Object {
          "class": undefined,
          "style": undefined,
          "x-placement": undefined,
        },
        "x-attribsPrefix": Object {
          "class": undefined,
          "style": undefined,
          "x-placement": undefined,
        },
      },
    ],
    "name": "div",
    "namespace": "http://www.w3.org/1999/xhtml",
    "next": null,
    "parent": null,
    "prev": null,
    "root": Object {
      "attribs": Object {},
      "children": Array [
        [Circular],
      ],
      "name": "root",
      "namespace": "http://www.w3.org/1999/xhtml",
      "next": null,
      "parent": null,
      "prev": null,
      "type": "root",
      "x-attribsNamespace": Object {},
      "x-attribsPrefix": Object {},
    },
    "type": "tag",
    "x-attribsNamespace": Object {
      "class": undefined,
    },
    "x-attribsPrefix": Object {
      "class": undefined,
    },
  },
  "_root": [Circular],
  "length": 1,
  "options": Object {
    "decodeEntities": true,
    "normalizeWhitespace": false,
    "withDomLvl1": true,
    "xml": false,
  },
}
`;
